// Jest Snapshot v1, https://goo.gl/fbAQLP

exports[`MineSecurityInfo renders properly 1`] = `
<div
  className="tab__content"
>
  <h2>
    Securities
  </h2>
  <br />
  <Tabs
    hideAdd={false}
    style={
      Object {
        "textAlign": "left !important",
      }
    }
    tabPosition="top"
    type="card"
  >
    <TabPane
      key="1"
      placeholder={null}
      tab="Bonds"
    >
      <div>
        <div
          className="dashboard--cards"
        >
          <MineDashboardContentCard
            content="$300.00"
            icon={null}
            title="Total Security Held"
          />
          <MineDashboardContentCard
            content={1}
            icon={null}
            title="Total No. of Active Bonds"
          />
        </div>
        <br />
        <MineBondTable
          bondStatusOptionsHash={
            Object {
              "ACT": "Active",
              "CON": "Confiscated",
              "REL": "Released",
            }
          }
          bondTypeOptionsHash={
            Object {
              "BDA": "Bank Draft",
              "CAS": "Cash",
              "CEC": "Certified Cheque",
              "ILC": "Irrevocable Line of Credit",
              "MOR": "Money Order",
              "SAG": "Safekeeping Agreement",
              "SBO": "Surety Bond",
            }
          }
          bonds={
            Array [
              Object {
                "amount": 300,
                "bond_guid": "erjvnaqekrj",
                "bond_id": 1,
                "bond_status_code": "ACT",
                "bond_type_code": "CAS",
                "documents": Array [],
                "institution_city": null,
                "institution_name": null,
                "institution_postal_code": null,
                "institution_province": null,
                "institution_street": null,
                "issue_date": "2018-10-16",
                "note": null,
                "payer": Object {},
                "payer_party_guid": "sethwrt",
                "permit_guid": "463236",
                "reference_number": "",
              },
            ]
          }
          expandedRowKeys={Array []}
          isLoaded={false}
          onExpand={[Function]}
          openAddBondModal={[Function]}
          openEditBondModal={[Function]}
          openViewBondModal={[Function]}
          permits={Array []}
          releaseOrConfiscateBond={[Function]}
        />
      </div>
    </TabPane>
    <TabPane
      key="2"
      placeholder={null}
      tab="Reclamation Invoices"
    >
      <h4
        className="uppercase"
      >
        Reclamation Invoices
      </h4>
      <br />
      <MineReclamationInvoiceTable
        bonds={
          Array [
            Object {
              "amount": 300,
              "bond_guid": "erjvnaqekrj",
              "bond_id": 1,
              "bond_status_code": "ACT",
              "bond_type_code": "CAS",
              "documents": Array [],
              "institution_city": null,
              "institution_name": null,
              "institution_postal_code": null,
              "institution_province": null,
              "institution_street": null,
              "issue_date": "2018-10-16",
              "note": null,
              "payer": Object {},
              "payer_party_guid": "sethwrt",
              "permit_guid": "463236",
              "reference_number": "",
            },
          ]
        }
        expandedRowKeys={Array []}
        isLoaded={false}
        onExpand={[Function]}
        openAddBondModal={[Function]}
        openAddReclamationInvoiceModal={[Function]}
        openEditReclamationInvoiceModal={[Function]}
        permits={Array []}
      />
    </TabPane>
  </Tabs>
</div>
`;
